src/index.ts(26,20): error TS2307: Cannot find module 'helmet' or its corresponding type declarations.
src/scripts/fixSocialClassData.ts(63,9): error TS2322: Type 'string' is not assignable to type '{ classeAB: number; classeC: number; classeDE: number; }'.
src/scripts/importBroadcastersFromSpreadsheet.ts(844,24): error TS2552: Cannot find name 'getNumber'. Did you mean 'Number'?
src/scripts/monitorSocialClassChanges.ts(50,45): error TS2339: Property 'documentKey' does not exist on type 'ChangeStreamDocument<Document>'.
  Property 'documentKey' does not exist on type 'ChangeStreamDropDocument'.
src/scripts/monitorSocialClassChanges.ts(52,18): error TS2339: Property 'fullDocument' does not exist on type 'ChangeStreamDocument<Document>'.
  Property 'fullDocument' does not exist on type 'ChangeStreamDropDocument'.
src/scripts/monitorSocialClassChanges.ts(53,36): error TS2339: Property 'fullDocument' does not exist on type 'ChangeStreamDocument<Document>'.
  Property 'fullDocument' does not exist on type 'ChangeStreamDropDocument'.
src/scripts/monitorSocialClassChanges.ts(61,45): error TS2339: Property 'fullDocument' does not exist on type 'ChangeStreamDocument<Document>'.
  Property 'fullDocument' does not exist on type 'ChangeStreamDropDocument'.
src/scripts/monitorSocialClassChanges.ts(67,18): error TS2339: Property 'updateDescription' does not exist on type 'ChangeStreamDocument<Document>'.
  Property 'updateDescription' does not exist on type 'ChangeStreamDropDocument'.
src/scripts/monitorSocialClassChanges.ts(68,66): error TS2339: Property 'updateDescription' does not exist on type 'ChangeStreamDocument<Document>'.
  Property 'updateDescription' does not exist on type 'ChangeStreamDropDocument'.
src/scripts/monitorSocialClassChanges.ts(71,38): error TS2339: Property 'updateDescription' does not exist on type 'ChangeStreamDocument<Document>'.
  Property 'updateDescription' does not exist on type 'ChangeStreamDropDocument'.
